i18n Synchronization Log — 2026-04-04 21:28:05
*** DRY RUN — no changes will be made ***
============================================================

[21:28:05] Starting i18n synchronization...
[21:28:05]   Languages directory : /home/finn/specter-playground-schnuartz/scenarios/MockUI/src/MockUI/i18n/languages
[21:28:05]   Source directory    : /home/finn/specter-playground-schnuartz/scenarios/MockUI
[21:28:05]   Log directory       : /home/finn/specter-playground-schnuartz/build
[21:28:05]   Languages to sync   : All
[21:28:05]   Dry run             : True
[21:28:05] 
[21:28:05] === Synchronizing English master file ===
[21:28:05] Scanning source files for i18n keys...
[21:28:05] Found 16 unique i18n keys in 182 UI files
[21:28:05] Missing keys in English file: 4
[21:28:05]   + CONFIRMATION_CANCEL
[21:28:05]   + CONFIRMATION_CONFIRM
[21:28:05]   + ERROR_SCREEN_BACK
[21:28:05]   + ERROR_SCREEN_RETRY
[21:28:05] Obsolete keys in English file: 104
[21:28:05]   - ACTION_SCREEN_BACK
[21:28:05]   - ACTION_SCREEN_PREFIX
[21:28:05]   - ADD_SEED_GENERATE_SECTION
[21:28:05]   - ADD_SEED_GENERATE_SEED
[21:28:05]   - ADD_SEED_IMPORT_SECTION
[21:28:05]   - ADD_SWITCH_SEED_MENU_OTHER_SEEDS
[21:28:05]   - ADD_SWITCH_SEED_MENU_SEEDS_FOR_WALLET
[21:28:05]   - ADD_SWITCH_WALLET_MENU_OTHER_WALLETS
[21:28:05]   - ADD_SWITCH_WALLET_MENU_WALLETS_FOR_SEED
[21:28:05]   - ADD_WALLET_CREATE_CUSTOM
[21:28:05]   - ADD_WALLET_CUSTOM
[21:28:05]   - ADD_WALLET_CUSTOMIZE
[21:28:05]   - ADD_WALLET_IMPORT_FROM
[21:28:05]   - ADD_WALLET_SIGNERS
[21:28:05]   - ADD_WALLET_THRESHOLD
[21:28:05]   - BACKUPS_MENU_BACKUP_TO_SD
[21:28:05]   - BACKUPS_MENU_NO_SD_DETECTED
[21:28:05]   - BACKUPS_MENU_REMOVE_FROM_SD
[21:28:05]   - BACKUPS_MENU_RESTORE_FROM_SD
[21:28:05]   - COMMON_CREATE
[21:28:05]   - COMMON_KEYBOARD
[21:28:05]   - COMMON_MULTISIG
[21:28:05]   - COMMON_NAME
[21:28:05]   - COMMON_SINGLESIG
[21:28:05]   - COMMON_WALLET
[21:28:05]   - CONNECT_WALLETS_BLUEWALLET
[21:28:05]   - CONNECT_WALLETS_NUNCHUCK
[21:28:05]   - CONNECT_WALLETS_OTHER
[21:28:05]   - CONNECT_WALLETS_SPARROW
[21:28:05]   - DEVICE_MENU_DANGERZONE
[21:28:05]   - DEVICE_MENU_DISPLAY
[21:28:05]   - DEVICE_MENU_RESTART_TOUR
[21:28:05]   - DEVICE_MENU_SOUNDS
[21:28:05]   - DEVICE_MENU_WIPE
[21:28:05]   - FIRMWARE_MENU_CURRENT_VERSION
[21:28:05]   - FIRMWARE_MENU_UPDATE_VIA
[21:28:05]   - GENERATE_SEED_FINGERPRINT
[21:28:05]   - GENERATE_SEED_INFO
[21:28:05]   - HARDWARE_INTERNAL_FLASH
[21:28:05]   - HARDWARE_QR_CODE
[21:28:05]   - HARDWARE_SD_CARD
[21:28:05]   - HARDWARE_SMARTCARD
[21:28:05]   - HARDWARE_USB
[21:28:05]   - LOCKED_MENU_ENTER_PIN
[21:28:05]   - LOCKED_MENU_FW_VERSION
[21:28:05]   - LOCKED_MENU_TITLE
[21:28:05]   - MAIN_MENU_CONNECT_COMPANION
[21:28:05]   - MAIN_MENU_CONNECT_SECTION
[21:28:05]   - MAIN_MENU_LOAD_FROM_SD
[21:28:05]   - MAIN_MENU_MANAGE_SEED_WALLET
[21:28:05]   - MAIN_MENU_PROCESS_INPUT
[21:28:05]   - MAIN_MENU_SCAN_QR
[21:28:05]   - MAIN_MENU_SEED_AND_WALLET
[21:28:05]   - MAIN_MENU_SIGN_MESSAGE
[21:28:05]   - MANAGE_SW_SEED_SECTION_TITLE
[21:28:05]   - MANAGE_SW_WALLET_SECTION_TITLE
[21:28:05]   - MENU_ADD_SEED
[21:28:05]   - MENU_ADD_WALLET
[21:28:05]   - MENU_CONNECT_SW_WALLET
[21:28:05]   - MENU_ENABLE_DISABLE_INTERFACES
[21:28:05]   - MENU_GENERATE_SEEDPHRASE
[21:28:05]   - MENU_LANGUAGE
[21:28:05]   - MENU_LOAD_NEW_LANGUAGE
[21:28:05]   - MENU_MANAGE_BACKUPS
[21:28:05]   - MENU_MANAGE_FIRMWARE
[21:28:05]   - MENU_MANAGE_PREFERENCES
[21:28:05]   - MENU_MANAGE_SECURITY
[21:28:05]   - MENU_MANAGE_SEED
[21:28:05]   - MENU_MANAGE_SETTINGS
[21:28:05]   - MENU_MANAGE_STORAGE
[21:28:05]   - MENU_MANAGE_WALLET
[21:28:05]   - MENU_SETTINGS_SECURITY
[21:28:05]   - MENU_SET_PASSPHRASE
[21:28:05]   - MENU_SWITCH_ADD_SEED
[21:28:05]   - MENU_SWITCH_ADD_WALLET
[21:28:05]   - MODAL_CLOSE_BTN
[21:28:05]   - PASSPHRASE_MENU_CLEAR
[21:28:05]   - PASSPHRASE_MENU_LABEL
[21:28:05]   - SECURITY_MENU_CHANGE_PIN
[21:28:05]   - SECURITY_MENU_DURESS_ACTION
[21:28:05]   - SECURITY_MENU_DURESS_PIN
[21:28:05]   - SECURITY_MENU_PIN_ACTION
[21:28:05]   - SECURITY_MENU_PIN_RETRIES
[21:28:05]   - SECURITY_MENU_SELF_TEST
[21:28:05]   - SEEDPHRASE_MENU_ADVANCED
[21:28:05]   - SEEDPHRASE_MENU_BIP85
[21:28:05]   - SEEDPHRASE_MENU_CLEAR_ALL
[21:28:05]   - SEEDPHRASE_MENU_CLEAR_FROM
[21:28:05]   - SEEDPHRASE_MENU_SHOW
[21:28:05]   - SEEDPHRASE_MENU_STORAGE
[21:28:05]   - SEEDPHRASE_MENU_STORE_TO
[21:28:05]   - STORAGE_MENU_INTERNAL_FLASH
[21:28:05]   - STORAGE_MENU_SD_CARD
[21:28:05]   - STORAGE_MENU_SMARTCARD
[21:28:05]   - WALLET_BAR_NO_SEED
[21:28:05]   - WALLET_BAR_NO_WALLET
[21:28:05]   - WALLET_MENU_CHANGE_NETWORK
[21:28:05]   - WALLET_MENU_CONNECT_EXPORT
[21:28:05]   - WALLET_MENU_EXPLORE
[21:28:05]   - WALLET_MENU_EXPORT_DATA
[21:28:05]   - WALLET_MENU_MANAGE
[21:28:05]   - WALLET_MENU_MANAGE_DESCRIPTOR
[21:28:05]   - WALLET_MENU_VIEW_ADDRESSES
[21:28:05]   - WALLET_MENU_VIEW_SIGNERS
[21:28:05] Updating English master file...
[21:28:05] === Synchronizing language files ===
[21:28:05] === Language file: DE ===
[21:28:05] Synchronizing specter_ui_de.json...
[21:28:05]   No changes needed for specter_ui_de.json
[21:28:05] 
[21:28:05] i18n synchronization completed successfully!

[21:28:05] === Dry run completed — no changes were made ===

[21:28:05] Logs written to /home/finn/specter-playground-schnuartz/build
